toulligqc.info.version=2.7.1
toulligqc.info.start.time=2026-04-20T09:27:44+00:00
toulligqc.info.report.name=Toulligqc-report-2026-04-20-092744
toulligqc.info.executable.path=/usr/local/bin/toulligqc
toulligqc.info.command.line=['/usr/local/bin/toulligqc', '-a', 'sequencing_summary.txt.gz']
toulligqc.info.html.report.path=/home/jourdren/tmp/tqc-demo-small/Toulligqc-report-2026-04-20-092744/report.html
toulligqc.info.data.report.path=/home/jourdren/tmp/tqc-demo-small/Toulligqc-report-2026-04-20-092744/report.data
toulligqc.info.image.directory=/home/jourdren/tmp/tqc-demo-small/Toulligqc-report-2026-04-20-092744/images/
toulligqc.info.barcode.option=False
toulligqc.info.extractors=['toulligqc.info.extractor', 'basecaller.sequencing.summary.1d.extractor']
toulligqc.info.extractor.duration=0.0
sequencing.telemetry.extractor.software.analysis=1d_basecalling
basecaller.sequencing.summary.1d.extractor.read.count=100000
basecaller.sequencing.summary.1d.extractor.read.pass.count=88443
basecaller.sequencing.summary.1d.extractor.read.fail.count=11557
basecaller.sequencing.summary.1d.extractor.read.pass.ratio=0.88443
basecaller.sequencing.summary.1d.extractor.read.fail.ratio=0.11557
basecaller.sequencing.summary.1d.extractor.read.count.frequency=100
basecaller.sequencing.summary.1d.extractor.read.pass.frequency=88.44300000000001
basecaller.sequencing.summary.1d.extractor.read.fail.frequency=11.557
basecaller.sequencing.summary.1d.extractor.yield=259220018
basecaller.sequencing.summary.1d.extractor.n50=3226
basecaller.sequencing.summary.1d.extractor.l50=70369
basecaller.sequencing.summary.1d.extractor.run.time=172678.828125
basecaller.sequencing.summary.1d.extractor.channel.occupancy.statistics.count=510.0
basecaller.sequencing.summary.1d.extractor.channel.occupancy.statistics.mean=196.07843137254903
basecaller.sequencing.summary.1d.extractor.channel.occupancy.statistics.std=61.91617476027718
basecaller.sequencing.summary.1d.extractor.channel.occupancy.statistics.min=3.0
basecaller.sequencing.summary.1d.extractor.channel.occupancy.statistics.25%=155.0
basecaller.sequencing.summary.1d.extractor.channel.occupancy.statistics.50%=195.5
basecaller.sequencing.summary.1d.extractor.channel.occupancy.statistics.75%=238.0
basecaller.sequencing.summary.1d.extractor.channel.occupancy.statistics.max=352.0
basecaller.sequencing.summary.1d.extractor.all.read.length.count=100000.0
basecaller.sequencing.summary.1d.extractor.all.read.length.mean=2592.20018
basecaller.sequencing.summary.1d.extractor.all.read.length.std=1431.005136945702
basecaller.sequencing.summary.1d.extractor.all.read.length.min=20.0
basecaller.sequencing.summary.1d.extractor.all.read.length.25%=1554.0
basecaller.sequencing.summary.1d.extractor.all.read.length.50%=2359.0
basecaller.sequencing.summary.1d.extractor.all.read.length.75%=3481.0
basecaller.sequencing.summary.1d.extractor.all.read.length.max=14898.0
basecaller.sequencing.summary.1d.extractor.pass.reads.sequence.length.mean=2663.9074432120124
basecaller.sequencing.summary.1d.extractor.pass.reads.sequence.length.std=1422.9100420192667
basecaller.sequencing.summary.1d.extractor.pass.reads.sequence.length.min=151.0
basecaller.sequencing.summary.1d.extractor.pass.reads.sequence.length.25%=1643.0
basecaller.sequencing.summary.1d.extractor.pass.reads.sequence.length.50%=2435.0
basecaller.sequencing.summary.1d.extractor.pass.reads.sequence.length.75%=3553.0
basecaller.sequencing.summary.1d.extractor.pass.reads.sequence.length.max=14898.0
basecaller.sequencing.summary.1d.extractor.fail.reads.sequence.length.mean=2043.4413775201176
basecaller.sequencing.summary.1d.extractor.fail.reads.sequence.length.std=1372.6799191977782
basecaller.sequencing.summary.1d.extractor.fail.reads.sequence.length.min=20.0
basecaller.sequencing.summary.1d.extractor.fail.reads.sequence.length.25%=926.0
basecaller.sequencing.summary.1d.extractor.fail.reads.sequence.length.50%=1876.0
basecaller.sequencing.summary.1d.extractor.fail.reads.sequence.length.75%=2875.0
basecaller.sequencing.summary.1d.extractor.fail.reads.sequence.length.max=11161.0
basecaller.sequencing.summary.1d.extractor.all.read.qscore.mean=9.758393287658691
basecaller.sequencing.summary.1d.extractor.all.read.qscore.std=2.039062976837158
basecaller.sequencing.summary.1d.extractor.all.read.qscore.min=2.27988600730896
basecaller.sequencing.summary.1d.extractor.all.read.qscore.25%=8.957607746124268
basecaller.sequencing.summary.1d.extractor.all.read.qscore.50%=10.35239028930664
basecaller.sequencing.summary.1d.extractor.all.read.qscore.75%=11.179809331893921
basecaller.sequencing.summary.1d.extractor.all.read.qscore.max=14.131489753723145
basecaller.sequencing.summary.1d.extractor.pass.reads.mean.qscore.mean=10.34897518157959
basecaller.sequencing.summary.1d.extractor.pass.reads.mean.qscore.std=1.2433980703353882
basecaller.sequencing.summary.1d.extractor.pass.reads.mean.qscore.min=7.000129222869873
basecaller.sequencing.summary.1d.extractor.pass.reads.mean.qscore.25%=9.595348834991455
basecaller.sequencing.summary.1d.extractor.pass.reads.mean.qscore.50%=10.561274528503418
basecaller.sequencing.summary.1d.extractor.pass.reads.mean.qscore.75%=11.268709182739258
basecaller.sequencing.summary.1d.extractor.pass.reads.mean.qscore.max=14.131489753723145
basecaller.sequencing.summary.1d.extractor.fail.reads.mean.qscore.mean=5.238809108734131
basecaller.sequencing.summary.1d.extractor.fail.reads.mean.qscore.std=1.0244359970092773
basecaller.sequencing.summary.1d.extractor.fail.reads.mean.qscore.min=2.27988600730896
basecaller.sequencing.summary.1d.extractor.fail.reads.mean.qscore.25%=4.562870025634766
basecaller.sequencing.summary.1d.extractor.fail.reads.mean.qscore.50%=5.223834991455078
basecaller.sequencing.summary.1d.extractor.fail.reads.mean.qscore.75%=6.062007904052734
basecaller.sequencing.summary.1d.extractor.fail.reads.mean.qscore.max=6.9994401931762695
basecaller.sequencing.summary.1d.extractor.duration=3.34
toulligqc.info.execution.duration=3.4
